// Vitest Snapshot v1, https://vitest.dev/guide/snapshot.html

exports[`AddFeedForm > creates a new feed 1`] = `
<DocumentFragment>
  <div
    class="d_flex flex-d_column gap_2 w_full"
  >
    <form
      class="d_flex flex-d_column ai_flex-start gap_2 md:gap_4 w_full bg_white p_2 md:p_4 bdr_md bx-sh_sm bd_1px_solid bd-c_gray.200"
    >
      <div
        class="d_flex flex-d_row ai_center gap_2 w_full"
      >
        <input
          class="bd_1px_solid bd-c_gray.300 p_2 bdr_md flex_1 min-w_0 disabled:op_0.5"
          placeholder="Feed URL"
          type="text"
        />
        <button
          aria-label="Add Feed"
          arialabel="Add Feed"
          class="bdr_md fw_medium cursor_pointer bd_1px_solid bd-c_blue.600 trs_all_0.2s d_inline-flex ai_center jc_center gap_2 disabled:op_0.5 disabled:cursor_not-allowed fs_sm py_2 px_4 bg_blue.600 c_white hover:bg_blue.700"
          hidetextonmobile="true"
          icon="[object SVGSVGElement]"
          type="submit"
          variant="primary"
        >
          <svg
            fill="none"
            height="16"
            stroke="currentColor"
            stroke-linecap="round"
            stroke-linejoin="round"
            stroke-width="2"
            viewBox="0 0 24 24"
            width="16"
            xmlns="http://www.w3.org/2000/svg"
          >
            <title>
              Add
            </title>
            <line
              x1="12"
              x2="12"
              y1="5"
              y2="19"
            />
            <line
              x1="5"
              x2="19"
              y1="12"
              y2="12"
            />
          </svg>
          <span
            class="d_none md:d_inline"
          >
            Add Feed
          </span>
        </button>
      </div>
      <div
        class="d_flex ai_center gap_2 w_full min-w_0"
      >
        <span
          class="fs_sm c_gray.600 white-space_nowrap"
        >
          Tags:
        </span>
        <div
          class="pos_relative w_full d_flex ai_center min-w_0"
        >
          <section
            aria-label="Scrollable content"
            class="d_flex ai_center flex-wrap_nowrap gap_2 ov-x_auto w_full scr-bar-w_none [&::-webkit-scrollbar]:d_none px_1 min-w_0"
            data-testid="horizontal-scroll-container"
          />
        </div>
      </div>
    </form>
  </div>
</DocumentFragment>
`;
