// Vitest Snapshot v1, https://vitest.dev/guide/snapshot.html

exports[`FeedList > displays a list of feeds 1`] = `
<DocumentFragment>
  <header
    class="px_4 py_2 d_flex ai_center bd-b-w_1px border-bottom-style_solid bd-b-c_gray.100 gap_6 fs_md bg-c_white pos_sticky top_0 z_10"
  >
    <a
      activeoptions="[object Object]"
      activeprops="[object Object]"
      class="pos_relative px_3 py_1.5 bdr_md c_gray.500 trs_all_0.2s fw_medium fs_sm hover:bg-c_gray.50 hover:c_gray.900"
      href="/"
      to="/"
    >
      Home
    </a>
    <a
      activeprops="[object Object]"
      class="pos_relative px_3 py_1.5 bdr_md c_gray.500 trs_all_0.2s fw_medium fs_sm hover:bg-c_gray.50 hover:c_gray.900"
      href="/feeds"
      to="/feeds"
    >
      Feeds
    </a>
    <a
      activeprops="[object Object]"
      class="pos_relative px_3 py_1.5 bdr_md c_gray.500 trs_all_0.2s fw_medium fs_sm hover:bg-c_gray.50 hover:c_gray.900"
      href="/tags"
      to="/tags"
    >
      Tags
    </a>
  </header>
  <div
    class="d_flex flex-d_column gap_2 md:gap_6 p_2 md:p_4 h_calc(100vh_-_56px) min-h_0 ov_hidden bg-c_gray.50"
  >
    <div
      class="d_flex flex-d_column gap_2 flex_1 min-h_0"
    >
      <div
        class="d_flex flex-d_column gap_2 w_full"
      >
        <form
          class="d_flex flex-d_column ai_flex-start gap_2 md:gap_4 w_full bg_white p_2 md:p_4 bdr_md bx-sh_sm bd_1px_solid bd-c_gray.200"
        >
          <div
            class="d_flex flex-d_row ai_center gap_2 w_full"
          >
            <input
              class="bd_1px_solid bd-c_gray.300 p_2 bdr_md flex_1 min-w_0 disabled:op_0.5"
              placeholder="Feed URL"
              type="text"
            />
            <button
              aria-label="Add Feed"
              arialabel="Add Feed"
              class="bdr_md fw_medium cursor_pointer bd_1px_solid bd-c_blue.600 trs_all_0.2s d_inline-flex ai_center jc_center gap_2 disabled:op_0.5 disabled:cursor_not-allowed fs_sm py_2 px_4 bg_blue.600 c_white hover:bg_blue.700"
              hidetextonmobile="true"
              icon="[object SVGSVGElement]"
              type="submit"
              variant="primary"
            >
              <svg
                fill="none"
                height="16"
                stroke="currentColor"
                stroke-linecap="round"
                stroke-linejoin="round"
                stroke-width="2"
                viewBox="0 0 24 24"
                width="16"
                xmlns="http://www.w3.org/2000/svg"
              >
                <title>
                  Add
                </title>
                <line
                  x1="12"
                  x2="12"
                  y1="5"
                  y2="19"
                />
                <line
                  x1="5"
                  x2="19"
                  y1="12"
                  y2="12"
                />
              </svg>
              <span
                class="d_none md:d_inline"
              >
                Add Feed
              </span>
            </button>
            <button
              aria-label="Import OPML"
              arialabel="Import OPML"
              class="bdr_md fw_medium cursor_pointer bd_1px_solid bd-c_transparent trs_all_0.2s d_inline-flex ai_center jc_center gap_2 disabled:op_0.5 disabled:cursor_not-allowed fs_sm py_2 px_4 bg_transparent c_blue.600 hover:bg_blue.50 hover:c_blue.700"
              hidetextonmobile="true"
              icon="[object SVGSVGElement]"
              type="button"
              variant="ghost"
            >
              <svg
                fill="none"
                height="16"
                stroke="currentColor"
                stroke-linecap="round"
                stroke-linejoin="round"
                stroke-width="2"
                viewBox="0 0 24 24"
                width="16"
                xmlns="http://www.w3.org/2000/svg"
              >
                <title>
                  Import
                </title>
                <path
                  d="M21 15v4a2 2 0 0 1-2 2H5a2 2 0 0 1-2-2v-4"
                />
                <polyline
                  points="17 8 12 3 7 8"
                />
                <line
                  x1="12"
                  x2="12"
                  y1="3"
                  y2="15"
                />
              </svg>
              <span
                class="d_none md:d_inline"
              >
                Import OPML
              </span>
            </button>
          </div>
          <div
            class="d_flex ai_center gap_2 w_full min-w_0"
          >
            <span
              class="fs_sm c_gray.600 white-space_nowrap"
            >
              Tags:
            </span>
            <div
              class="pos_relative w_full d_flex ai_center min-w_0"
            >
              <section
                aria-label="Scrollable content"
                class="d_flex ai_center flex-wrap_nowrap gap_2 ov-x_auto w_full scr-bar-w_none [&::-webkit-scrollbar]:d_none px_1 min-w_0"
                data-testid="horizontal-scroll-container"
              >
                <button
                  class="px_3 py_1 min-h_8 bdr_full fs_xs cursor_pointer bd_1px_solid d_inline-flex ai_center gap_1.5 trs_all_0.2s bg_transparent bd-c_gray.300 c_gray.600"
                  type="button"
                >
                  News
                </button>
                <button
                  class="px_3 py_1 min-h_8 bdr_full fs_xs cursor_pointer bd_1px_solid d_inline-flex ai_center gap_1.5 trs_all_0.2s bg_transparent bd-c_gray.300 c_gray.600"
                  type="button"
                >
                  Tech
                </button>
              </section>
            </div>
          </div>
        </form>
      </div>
      <div
        class="flex_1 min-h_0 d_flex"
      >
        <div
          class="d_flex flex-d_column gap_4 flex_1 min-h_0 w_100% min-w_0"
        >
          <div
            class="d_flex jc_space-between ai_stretch flex-d_column gap_2 pos_sticky top_0 z_2 bg-c_gray.50 pb_1 md:ai_center md:flex-d_row"
          >
            <div
              class="d_flex gap_2 ai_center flex-wrap_nowrap jc_flex-start w_100% min-w_0 md:jc_flex-end"
            >
              <div
                class="d_flex ai_center gap_2 mr_auto"
              >
                <input
                  aria-label="Select all visible feeds"
                  class="cursor_pointer"
                  id="select-all-visible"
                  type="checkbox"
                />
              </div>
              <label
                class="fs_sm c_gray.600"
                for="sort-by"
              >
                Sort by:
              </label>
              <select
                aria-label="Sort by"
                class="fs_xs px_2 py_1.5 bdr_md bd_1px_solid bd-c_gray.300 bg_white"
                id="sort-by"
              >
                <option
                  value="title_asc"
                >
                  Title (A-Z)
                </option>
                <option
                  value="title_desc"
                >
                  Title (Z-A)
                </option>
                <option
                  value="last_fetched"
                >
                  Last Fetched
                </option>
                <option
                  value="next_fetch"
                >
                  Next Fetch
                </option>
              </select>
              <span
                class="fs_sm c_gray.600 ml_2"
              >
                Filter:
              </span>
              <select
                aria-label="Filter by tag"
                class="fs_xs px_2 py_1.5 bdr_md bd_1px_solid bd-c_gray.300 bg_white min-w_10rem"
              >
                <option
                  value="all"
                >
                  All
                </option>
                <option
                  value="untagged"
                >
                  Untagged
                </option>
                <option
                  value="tag-1"
                >
                  Tech (1)
                </option>
                <option
                  value="tag-2"
                >
                  News (2)
                </option>
              </select>
            </div>
          </div>
          <div
            class="d_flex flex-d_column gap_2 flex_1 min-h_0 bg-c_white"
          >
            <div
              class="flex_1 min-h_0 ov-y_auto ov-x_hidden pr_1 w_100%"
            >
              <ul
                class="d_flex flex-d_column gap_2 w_full"
              >
                <li
                  class="d_flex ai_center jc_space-between p_3 bd_1px_solid bd-c_gray.100 bdr_md gap_3 cursor_pointer hover:bg-c_gray.50"
                >
                  <div
                    class="d_flex ai_center gap_3 flex_1 min-w_0"
                  >
                    <input
                      class="cursor_pointer"
                      type="checkbox"
                    />
                    <div
                      class="d_flex flex-d_column gap_1 flex_1 min-w_0"
                    >
                      <div
                        class="d_flex ai_center gap_2 w_full"
                      >
                        <a
                          class="fw_medium white-space_nowrap ov_hidden tov_ellipsis min-w_0 hover:td_underline hover:c_blue.600"
                          href="https://example.com/"
                          rel="noopener noreferrer"
                          target="_blank"
                        >
                          Example Feed 1
                        </a>
                        <div
                          class="d_flex ai_center gap_2"
                        />
                      </div>
                      <div
                        class="d_flex ai_center gap_2 min-w_0"
                      >
                        <span
                          class="fs_xs c_gray.500 white-space_nowrap ov_hidden tov_ellipsis min-w_0"
                        >
                          https://example.com/feed1.xml
                        </span>
                        <button
                          class="c_gray.400 cursor_pointer flex-sh_0 hover:c_gray.600 d_inline-flex ai_center trs_all_0.2s"
                          title="Copy URL"
                          type="button"
                        >
                          <svg
                            fill="none"
                            height="12"
                            stroke="currentColor"
                            stroke-linecap="round"
                            stroke-linejoin="round"
                            stroke-width="2"
                            viewBox="0 0 24 24"
                            width="12"
                            xmlns="http://www.w3.org/2000/svg"
                          >
                            <title>
                              Copy URL
                            </title>
                            <rect
                              height="14"
                              rx="2"
                              ry="2"
                              width="14"
                              x="8"
                              y="8"
                            />
                            <path
                              d="M4 16c-1.1 0-2-.9-2-2V4c0-1.1.9-2 2-2h10c1.1 0 2 .9 2 2"
                            />
                          </svg>
                        </button>
                      </div>
                      <div
                        class="d_flex ai_center flex-wrap_wrap gap_4"
                      >
                        <span
                          class="fs_xs c_gray.500"
                        >
                          Last fetched: MASKED_TIMESTAMP
                        </span>
                      </div>
                    </div>
                  </div>
                  <div
                    class="d_flex ai_center flex-sh_0 gap_2"
                  >
                    <div
                      class="d_none md:d_flex ai_center gap_2"
                    >
                      <div
                        class="pos_relative"
                      >
                        <select
                          aria-label="Suspend fetching"
                          class="fs_xs px_2 py_1.5 bdr_md bd_1px_solid bd-c_gray.300 bg_white cursor_pointer hover:bd-c_gray.400"
                        >
                          <option
                            value="0"
                          >
                            Suspend...
                          </option>
                          <option
                            value="86400"
                          >
                            1 Day
                          </option>
                          <option
                            value="259200"
                          >
                            3 Days
                          </option>
                          <option
                            value="604800"
                          >
                            1 Week
                          </option>
                          <option
                            value="2592000"
                          >
                            1 Month
                          </option>
                        </select>
                      </div>
                      <button
                        class="bdr_md fw_medium cursor_pointer bd_1px_solid bd-c_transparent trs_all_0.2s d_inline-flex ai_center jc_center gap_2 disabled:op_0.5 disabled:cursor_not-allowed fs_xs py_1.5 px_3 bg_transparent c_blue.600 hover:bg_blue.50 hover:c_blue.700"
                        size="sm"
                        type="button"
                        variant="ghost"
                      >
                        Fetch
                      </button>
                      <button
                        class="bdr_md fw_medium cursor_pointer bd_1px_solid bd-c_red.200 trs_all_0.2s d_inline-flex ai_center jc_center gap_2 disabled:op_0.5 disabled:cursor_not-allowed fs_xs py_1.5 px_3 bg_red.50 c_red.600 hover:bg_red.100"
                        size="sm"
                        type="button"
                        variant="danger"
                      >
                        Delete
                      </button>
                    </div>
                    <div
                      class="d_block md:d_none"
                    >
                      <div
                        class="pos_relative d_inline-block"
                      >
                        <button
                          aria-expanded="false"
                          aria-haspopup="menu"
                          aria-label="Actions for Example Feed 1"
                          class="p_1 bdr_md cursor_pointer hover:bg_gray.100 d_flex ai_center jc_center"
                          type="button"
                        >
                          <svg
                            fill="none"
                            height="20"
                            stroke="currentColor"
                            stroke-linecap="round"
                            stroke-linejoin="round"
                            stroke-width="2"
                            viewBox="0 0 24 24"
                            width="20"
                            xmlns="http://www.w3.org/2000/svg"
                          >
                            <title>
                              More actions
                            </title>
                            <circle
                              cx="12"
                              cy="12"
                              r="1"
                            />
                            <circle
                              cx="12"
                              cy="5"
                              r="1"
                            />
                            <circle
                              cx="12"
                              cy="19"
                              r="1"
                            />
                          </svg>
                        </button>
                      </div>
                    </div>
                  </div>
                </li>
                <li
                  class="d_flex ai_center jc_space-between p_3 bd_1px_solid bd-c_gray.100 bdr_md gap_3 cursor_pointer hover:bg-c_gray.50"
                >
                  <div
                    class="d_flex ai_center gap_3 flex_1 min-w_0"
                  >
                    <input
                      class="cursor_pointer"
                      type="checkbox"
                    />
                    <div
                      class="d_flex flex-d_column gap_1 flex_1 min-w_0"
                    >
                      <div
                        class="d_flex ai_center gap_2 w_full"
                      >
                        <a
                          class="fw_medium white-space_nowrap ov_hidden tov_ellipsis min-w_0 hover:td_underline hover:c_blue.600"
                          href="https://example.com/news"
                          rel="noopener noreferrer"
                          target="_blank"
                        >
                          Example Feed 2
                        </a>
                        <div
                          class="d_flex ai_center gap_2"
                        />
                      </div>
                      <div
                        class="d_flex ai_center gap_2 min-w_0"
                      >
                        <span
                          class="fs_xs c_gray.500 white-space_nowrap ov_hidden tov_ellipsis min-w_0"
                        >
                          https://example.com/feed2.xml
                        </span>
                        <button
                          class="c_gray.400 cursor_pointer flex-sh_0 hover:c_gray.600 d_inline-flex ai_center trs_all_0.2s"
                          title="Copy URL"
                          type="button"
                        >
                          <svg
                            fill="none"
                            height="12"
                            stroke="currentColor"
                            stroke-linecap="round"
                            stroke-linejoin="round"
                            stroke-width="2"
                            viewBox="0 0 24 24"
                            width="12"
                            xmlns="http://www.w3.org/2000/svg"
                          >
                            <title>
                              Copy URL
                            </title>
                            <rect
                              height="14"
                              rx="2"
                              ry="2"
                              width="14"
                              x="8"
                              y="8"
                            />
                            <path
                              d="M4 16c-1.1 0-2-.9-2-2V4c0-1.1.9-2 2-2h10c1.1 0 2 .9 2 2"
                            />
                          </svg>
                        </button>
                      </div>
                      <div
                        class="d_flex ai_center flex-wrap_wrap gap_4"
                      >
                        <span
                          class="fs_xs c_gray.500"
                        >
                          Last fetched: MASKED_TIMESTAMP
                        </span>
                      </div>
                    </div>
                  </div>
                  <div
                    class="d_flex ai_center flex-sh_0 gap_2"
                  >
                    <div
                      class="d_none md:d_flex ai_center gap_2"
                    >
                      <div
                        class="pos_relative"
                      >
                        <select
                          aria-label="Suspend fetching"
                          class="fs_xs px_2 py_1.5 bdr_md bd_1px_solid bd-c_gray.300 bg_white cursor_pointer hover:bd-c_gray.400"
                        >
                          <option
                            value="0"
                          >
                            Suspend...
                          </option>
                          <option
                            value="86400"
                          >
                            1 Day
                          </option>
                          <option
                            value="259200"
                          >
                            3 Days
                          </option>
                          <option
                            value="604800"
                          >
                            1 Week
                          </option>
                          <option
                            value="2592000"
                          >
                            1 Month
                          </option>
                        </select>
                      </div>
                      <button
                        class="bdr_md fw_medium cursor_pointer bd_1px_solid bd-c_transparent trs_all_0.2s d_inline-flex ai_center jc_center gap_2 disabled:op_0.5 disabled:cursor_not-allowed fs_xs py_1.5 px_3 bg_transparent c_blue.600 hover:bg_blue.50 hover:c_blue.700"
                        size="sm"
                        type="button"
                        variant="ghost"
                      >
                        Fetch
                      </button>
                      <button
                        class="bdr_md fw_medium cursor_pointer bd_1px_solid bd-c_red.200 trs_all_0.2s d_inline-flex ai_center jc_center gap_2 disabled:op_0.5 disabled:cursor_not-allowed fs_xs py_1.5 px_3 bg_red.50 c_red.600 hover:bg_red.100"
                        size="sm"
                        type="button"
                        variant="danger"
                      >
                        Delete
                      </button>
                    </div>
                    <div
                      class="d_block md:d_none"
                    >
                      <div
                        class="pos_relative d_inline-block"
                      >
                        <button
                          aria-expanded="false"
                          aria-haspopup="menu"
                          aria-label="Actions for Example Feed 2"
                          class="p_1 bdr_md cursor_pointer hover:bg_gray.100 d_flex ai_center jc_center"
                          type="button"
                        >
                          <svg
                            fill="none"
                            height="20"
                            stroke="currentColor"
                            stroke-linecap="round"
                            stroke-linejoin="round"
                            stroke-width="2"
                            viewBox="0 0 24 24"
                            width="20"
                            xmlns="http://www.w3.org/2000/svg"
                          >
                            <title>
                              More actions
                            </title>
                            <circle
                              cx="12"
                              cy="12"
                              r="1"
                            />
                            <circle
                              cx="12"
                              cy="5"
                              r="1"
                            />
                            <circle
                              cx="12"
                              cy="19"
                              r="1"
                            />
                          </svg>
                        </button>
                      </div>
                    </div>
                  </div>
                </li>
              </ul>
            </div>
          </div>
        </div>
      </div>
    </div>
  </div>
</DocumentFragment>
`;
