// Vitest Snapshot v1, https://vitest.dev/guide/snapshot.html

exports[`ItemRow > renders item title, description and metadata 1`] = `
<DocumentFragment>
  <div
    class="d_flex ai_center jc_space-between bd_1px_solid bd-c_gray.100 bdr_md cursor_pointer w_full ov_hidden hover:bg-c_gray.50"
  >
    <div
      class="d_flex ai_center flex_1"
    >
      <div
        class="px_3"
      >
        <input
          class="cursor_pointer"
          type="checkbox"
        />
      </div>
      <button
        class="d_flex flex-d_column gap_1 flex_1 px_3 py_1.5 ta_left cursor_pointer"
        type="button"
      >
        <div
          class="fw_medium c_blue.600 td_underline hover:c_blue.800 lc_1"
        >
          Test Article Title
        </div>
        <div
          class="fs_sm c_gray.600 lc_1 mt_0.5"
        >
          This is a test description snippet that should be displayed.
        </div>
        <div
          class="d_flex ai_center gap_2 xs:gap_4 mt_1 fs_xs c_gray.500"
        >
          <span
            class="d_flex ai_center gap_1"
            title="Published: 1/21/2026, 10:00:00 AM"
          >
            <span
              class="d_none xs:d_inline"
            >
              Published:
            </span>
            <span
              class="d_inline xs:d_none"
              title="Published"
            >
              <svg
                aria-hidden="true"
                fill="none"
                height="14"
                stroke="currentColor"
                stroke-linecap="round"
                stroke-linejoin="round"
                stroke-width="2"
                viewBox="0 0 24 24"
                width="14"
                xmlns="http://www.w3.org/2000/svg"
              >
                <path
                  d="m22 2-7 20-4-9-9-4Z"
                />
                <path
                  d="M22 2 11 13"
                />
              </svg>
              <span
                class="pos_absolute w_1px h_1px p_0 m_-1px ov_hidden clip_rect(0,_0,_0,_0) white-space_nowrap bd-w_0"
              >
                Published:
              </span>
            </span>
            1/21/2026, 10:00:00 AM
          </span>
          <span
            class="d_flex ai_center gap_1"
            title="Received: 1/20/2026, 10:00:00 AM"
          >
            <span
              class="d_none xs:d_inline"
            >
              Received:
            </span>
            <span
              class="d_inline xs:d_none"
              title="Received"
            >
              <svg
                aria-hidden="true"
                fill="none"
                height="14"
                stroke="currentColor"
                stroke-linecap="round"
                stroke-linejoin="round"
                stroke-width="2"
                viewBox="0 0 24 24"
                width="14"
                xmlns="http://www.w3.org/2000/svg"
              >
                <circle
                  cx="12"
                  cy="12"
                  r="10"
                />
                <polyline
                  points="12 6 12 12 16 14"
                />
              </svg>
              <span
                class="pos_absolute w_1px h_1px p_0 m_-1px ov_hidden clip_rect(0,_0,_0,_0) white-space_nowrap bd-w_0"
              >
                Received:
              </span>
            </span>
            1/20/2026, 10:00:00 AM
          </span>
        </div>
      </button>
    </div>
  </div>
</DocumentFragment>
`;
