// Vitest Snapshot v1, https://vitest.dev/guide/snapshot.html

exports[`MarkdownRenderer > handles empty content 1`] = `"<div></div>"`;

exports[`MarkdownRenderer > renders basic markdown 1`] = `
"
  

<div><h1>Hello World</h1>
<p>This is <strong>bold</strong> text.</p>
</div>"
`;

exports[`MarkdownRenderer > renders links correctly 1`] = `
"<div><p><a href="https://example.com">Example</a></p>
</div>"
`;
